<?xml version="1.0" encoding="utf-8"?>
<TestRun id="fbaa1ec4-7c89-469c-ba25-44655444f648" name="mcdor@GOAT 2026-10-01 17:24:58" runUser="GOAT\mcdor" xmlns="http://microsoft.com/schemas/VisualStudio/TeamTest/2010">
  <Times creation="2026-10-01T17:24:58.4261428-05:00" queuing="2026-10-01T17:24:58.4261432-05:00" start="2026-10-01T17:24:55.1696087-05:00" finish="2026-10-01T17:25:38.8453455-05:00" />
  <TestSettings name="default" id="d8ea6a45-3560-469f-bda0-dc281cc4a535">
    <Deployment runDeploymentRoot="mcdor_GOAT_2026-10-01_17_24_58" />
  </TestSettings>
  <Results>
    <UnitTestResult executionId="6deef32a-de51-48b3-9574-4f137e4f8e1b" testId="e649621a-823a-00be-e02e-0a3dd961e3bd" testName="Portal.Networking.Tests.PortalEndpointTests.Connection_target_labels_are_concise_and_port_free" computerName="GOAT" duration="00:00:00.0001823" startTime="2026-10-01T17:24:58.3984483-05:00" endTime="2026-10-01T17:24:58.3984486-05:00" testType="13cdc9d9-ddb5-4fa4-a97d-d965ccfc6d4b" outcome="Passed" testListId="8c84fa94-04c1-424b-9868-57a2d4851a1d" relativeResultsDirectory="6deef32a-de51-48b3-9574-4f137e4f8e1b" />
    <UnitTestResult executionId="66472234-dd98-4cf8-8fb8-472f69d28980" testId="7ea9bf05-f499-afb7-8360-0812d05cc21b" testName="Portal.Networking.Tests.PortalEndpointTests.There_is_no_insecure_production_variant" computerName="GOAT" duration="00:00:00.0036424" startTime="2026-10-01T17:24:58.3981807-05:00" endTime="2026-10-01T17:24:58.3981810-05:00" testType="13cdc9d9-ddb5-4fa4-a97d-d965ccfc6d4b" outcome="Passed" testListId="8c84fa94-04c1-424b-9868-57a2d4851a1d" relativeResultsDirectory="66472234-dd98-4cf8-8fb8-472f69d28980" />
    <UnitTestResult executionId="ae89d1f2-d0af-4f1c-86ad-25929b7b133a" testId="d2733077-e19e-712f-9756-be6df784cfdb" testName="Portal.Networking.Tests.PortalEndpointTests.Production_endpoint_resolves_to_ritesrpg_com" computerName="GOAT" duration="00:00:00.0001052" startTime="2026-10-01T17:24:58.3983234-05:00" endTime="2026-10-01T17:24:58.3983235-05:00" testType="13cdc9d9-ddb5-4fa4-a97d-d965ccfc6d4b" outcome="Passed" testListId="8c84fa94-04c1-424b-9868-57a2d4851a1d" relativeResultsDirectory="ae89d1f2-d0af-4f1c-86ad-25929b7b133a" />
    <UnitTestResult executionId="011fce84-1dec-4e35-9c03-3f44b4be3291" testId="cd4b173e-da41-2cc2-ac41-273da972cc10" testName="Portal.Networking.Tests.WebSocketConnectionTests.ConnectAsync_AlreadyConnected_ReturnsFailure" computerName="GOAT" duration="00:00:02.0364619" startTime="2026-10-01T17:25:11.3933831-05:00" endTime="2026-10-01T17:25:11.3933834-05:00" testType="13cdc9d9-ddb5-4fa4-a97d-d965ccfc6d4b" outcome="Passed" testListId="8c84fa94-04c1-424b-9868-57a2d4851a1d" relativeResultsDirectory="011fce84-1dec-4e35-9c03-3f44b4be3291" />
    <UnitTestResult executionId="af80f7b0-eeab-4c79-9e15-f84de454f5dc" testId="0fec8485-82b6-bcfe-e576-63a0d7a213ca" testName="Portal.Networking.Tests.PortalEndpointTests.Settings_file_without_the_toggle_key_defaults_to_production" computerName="GOAT" duration="00:00:00.0280369" startTime="2026-10-01T17:24:58.3675820-05:00" endTime="2026-10-01T17:24:58.3675824-05:00" testType="13cdc9d9-ddb5-4fa4-a97d-d965ccfc6d4b" outcome="Passed" testListId="8c84fa94-04c1-424b-9868-57a2d4851a1d" relativeResultsDirectory="af80f7b0-eeab-4c79-9e15-f84de454f5dc" />
    <UnitTestResult executionId="fb7802d2-f90d-43ca-b1b2-4fdb302d0c8c" testId="cf33e4e6-2ec0-6c9b-cff0-fdcf1be4db40" testName="Portal.Networking.Tests.PortalEndpointTests.Only_the_local_development_endpoint_is_plaintext" computerName="GOAT" duration="00:00:00.0001870" startTime="2026-10-01T17:24:58.3718225-05:00" endTime="2026-10-01T17:24:58.3718227-05:00" testType="13cdc9d9-ddb5-4fa4-a97d-d965ccfc6d4b" outcome="Passed" testListId="8c84fa94-04c1-424b-9868-57a2d4851a1d" relativeResultsDirectory="fb7802d2-f90d-43ca-b1b2-4fdb302d0c8c" />
    <UnitTestResult executionId="f76394f0-1752-4175-bf37-73965119ffee" testId="bbdb75f6-9419-cc29-1ee8-0819947b8f1e" testName="Portal.Networking.Tests.WebSocketConnectionTests.SendAsync_WithNullEnvelope_ReturnsFailure" computerName="GOAT" duration="00:00:02.0491725" startTime="2026-10-01T17:25:13.4442657-05:00" endTime="2026-10-01T17:25:13.4442659-05:00" testType="13cdc9d9-ddb5-4fa4-a97d-d965ccfc6d4b" outcome="Passed" testListId="8c84fa94-04c1-424b-9868-57a2d4851a1d" relativeResultsDirectory="f76394f0-1752-4175-bf37-73965119ffee" />
    <UnitTestResult executionId="c0f06aca-868f-4763-a324-72e72d1c6c9c" testId="4830a854-8661-2652-3462-88920acc94e0" testName="Portal.Networking.Tests.WebSocketConnectionTests.SendAsync_AfterServerDisconnect_ReturnsFailure" computerName="GOAT" duration="00:00:02.5432743" startTime="2026-10-01T17:25:07.3142460-05:00" endTime="2026-10-01T17:25:07.3142462-05:00" testType="13cdc9d9-ddb5-4fa4-a97d-d965ccfc6d4b" outcome="Passed" testListId="8c84fa94-04c1-424b-9868-57a2d4851a1d" relativeResultsDirectory="c0f06aca-868f-4763-a324-72e72d1c6c9c" />
    <UnitTestResult executionId="e8e9c9bc-dcce-43ff-8809-eb954be6af32" testId="11f78220-f6e7-3656-1b75-adc30e11a8ae" testName="Portal.Networking.Tests.WebSocketConnectionTests.ReceiveAsync_WhenNotConnected_ReturnsFailure" computerName="GOAT" duration="00:00:00.0009101" startTime="2026-10-01T17:25:02.7032916-05:00" endTime="2026-10-01T17:25:02.7032921-05:00" testType="13cdc9d9-ddb5-4fa4-a97d-d965ccfc6d4b" outcome="Passed" testListId="8c84fa94-04c1-424b-9868-57a2d4851a1d" relativeResultsDirectory="e8e9c9bc-dcce-43ff-8809-eb954be6af32" />
    <UnitTestResult executionId="6f6169ab-dc79-4823-99b8-76740e74ceef" testId="bd455bf5-3598-36b6-b7e5-e438495404eb" testName="Portal.Networking.Tests.PortalEndpointTests.Production_endpoint_uses_secure_websocket_transport" computerName="GOAT" duration="00:00:00.0016508" startTime="2026-10-01T17:24:58.3417012-05:00" endTime="2026-10-01T17:24:58.3417013-05:00" testType="13cdc9d9-ddb5-4fa4-a97d-d965ccfc6d4b" outcome="Passed" testListId="8c84fa94-04c1-424b-9868-57a2d4851a1d" relativeResultsDirectory="6f6169ab-dc79-4823-99b8-76740e74ceef" />
    <UnitTestResult executionId="a370cf12-3b24-42af-92c0-48e4596a4d3f" testId="f65e8180-f8f6-41e3-bc14-5ff0e45358f2" testName="Portal.Networking.Tests.WebSocketConnectionTests.SendAsync_ValidEnvelope_SerializesAndSendsOverWebSocket" computerName="GOAT" duration="00:00:02.0635522" startTime="2026-10-01T17:25:04.7692726-05:00" endTime="2026-10-01T17:25:04.7692728-05:00" testType="13cdc9d9-ddb5-4fa4-a97d-d965ccfc6d4b" outcome="Passed" testListId="8c84fa94-04c1-424b-9868-57a2d4851a1d" relativeResultsDirectory="a370cf12-3b24-42af-92c0-48e4596a4d3f" />
    <UnitTestResult executionId="0ad15cb8-8e33-4717-b592-34cbccf1e250" testId="cb5e013b-5a5a-2610-32fb-e34522a19db4" testName="Portal.Networking.Tests.PortalEndpointTests.Toggle_round_trips_through_the_persisted_representation" computerName="GOAT" duration="00:00:00.0001635" startTime="2026-10-01T17:24:58.3978651-05:00" endTime="2026-10-01T17:24:58.3978655-05:00" testType="13cdc9d9-ddb5-4fa4-a97d-d965ccfc6d4b" outcome="Passed" testListId="8c84fa94-04c1-424b-9868-57a2d4851a1d" relativeResultsDirectory="0ad15cb8-8e33-4717-b592-34cbccf1e250" />
    <UnitTestResult executionId="ccfd8d41-1e98-405e-9df6-ad31c8372036" testId="5c3c71de-121e-7ebb-7ef2-71ffdda99f4e" testName="Portal.Networking.Tests.PortalEndpointTests.Unknown_target_is_rejected_rather_than_silently_defaulting" computerName="GOAT" duration="00:00:00.0007878" startTime="2026-10-01T17:24:58.3849717-05:00" endTime="2026-10-01T17:24:58.3849719-05:00" testType="13cdc9d9-ddb5-4fa4-a97d-d965ccfc6d4b" outcome="Passed" testListId="8c84fa94-04c1-424b-9868-57a2d4851a1d" relativeResultsDirectory="ccfd8d41-1e98-405e-9df6-ad31c8372036" />
    <UnitTestResult executionId="85bc53d8-72db-4c67-933b-9322f5b15412" testId="f52eda5c-8e1d-be34-931a-fdc826166e27" testName="Portal.Networking.Tests.PortalEndpointTests.Local_toggle_off_and_on_map_to_the_expected_targets" computerName="GOAT" duration="00:00:00.0000790" startTime="2026-10-01T17:24:58.3987091-05:00" endTime="2026-10-01T17:24:58.3987092-05:00" testType="13cdc9d9-ddb5-4fa4-a97d-d965ccfc6d4b" outcome="Passed" testListId="8c84fa94-04c1-424b-9868-57a2d4851a1d" relativeResultsDirectory="85bc53d8-72db-4c67-933b-9322f5b15412" />
    <UnitTestResult executionId="05125b4e-b475-47e4-993e-5a25ece69a33" testId="edbe0a53-0cd9-174c-0af9-1e7267d3d51e" testName="Portal.Networking.Tests.WebSocketConnectionTests.ConnectAsync_WithCancelledToken_ReturnsFailure" computerName="GOAT" duration="00:00:00.0111035" startTime="2026-10-01T17:24:58.5428446-05:00" endTime="2026-10-01T17:24:58.5428452-05:00" testType="13cdc9d9-ddb5-4fa4-a97d-d965ccfc6d4b" outcome="Passed" testListId="8c84fa94-04c1-424b-9868-57a2d4851a1d" relativeResultsDirectory="05125b4e-b475-47e4-993e-5a25ece69a33" />
    <UnitTestResult executionId="d9a49d22-e653-4a36-a3de-71ef9ca3a26e" testId="9c87a7f0-e5a9-4eec-b00b-d5b17e4bdb17" testName="Portal.Networking.Tests.PortalEndpointTests.Production_endpoint_contains_no_localhost_authority" computerName="GOAT" duration="00:00:00.0001661" startTime="2026-10-01T17:24:58.3991692-05:00" endTime="2026-10-01T17:24:58.3991692-05:00" testType="13cdc9d9-ddb5-4fa4-a97d-d965ccfc6d4b" outcome="Passed" testListId="8c84fa94-04c1-424b-9868-57a2d4851a1d" relativeResultsDirectory="d9a49d22-e653-4a36-a3de-71ef9ca3a26e" />
    <UnitTestResult executionId="159c818a-ea3c-478c-a20b-f62c6f2196d0" testId="73d7e673-e249-c30d-0274-9ead98b90547" testName="Portal.Networking.Tests.WebSocketConnectionTests.ConnectAsync_InvalidScheme_ReturnsFailure" computerName="GOAT" duration="00:00:00.0062788" startTime="2026-10-01T17:24:58.5204444-05:00" endTime="2026-10-01T17:24:58.5204448-05:00" testType="13cdc9d9-ddb5-4fa4-a97d-d965ccfc6d4b" outcome="Passed" testListId="8c84fa94-04c1-424b-9868-57a2d4851a1d" relativeResultsDirectory="159c818a-ea3c-478c-a20b-f62c6f2196d0" />
    <UnitTestResult executionId="a84c1f17-b1cf-400e-8e65-3475a495bf56" testId="42eee87f-b634-f69a-39db-bc080eeaddbf" testName="Portal.Networking.Tests.WebSocketConnectionTests.ReceiveLoop_MalformedMessage_DoesNotPropagateToConsumer" computerName="GOAT" duration="00:00:02.2608266" startTime="2026-10-01T17:25:19.7870071-05:00" endTime="2026-10-01T17:25:19.7870075-05:00" testType="13cdc9d9-ddb5-4fa4-a97d-d965ccfc6d4b" outcome="Passed" testListId="8c84fa94-04c1-424b-9868-57a2d4851a1d" relativeResultsDirectory="a84c1f17-b1cf-400e-8e65-3475a495bf56" />
    <UnitTestResult executionId="a8f9a2ac-afc0-4123-8010-e8d5a0cce83f" testId="32f8abff-08ce-0e46-2ccd-1f6bfdd70d66" testName="Portal.Networking.Tests.PortalEndpointTests.Reconnect_uses_the_currently_selected_endpoint" computerName="GOAT" duration="00:00:00.0002339" startTime="2026-10-01T17:24:58.3988989-05:00" endTime="2026-10-01T17:24:58.3988989-05:00" testType="13cdc9d9-ddb5-4fa4-a97d-d965ccfc6d4b" outcome="Passed" testListId="8c84fa94-04c1-424b-9868-57a2d4851a1d" relativeResultsDirectory="a8f9a2ac-afc0-4123-8010-e8d5a0cce83f" />
    <UnitTestResult executionId="758abb56-3642-47c3-a9dc-5aa17b15e21b" testId="8ad829a7-2a1d-c825-7c69-dc657c7659c6" testName="Portal.Networking.Tests.WebSocketConnectionTests.ReceiveLoop_MultipleMalformedMessages_ContinuesProcessing" computerName="GOAT" duration="00:00:02.2527865" startTime="2026-10-01T17:25:28.6480971-05:00" endTime="2026-10-01T17:25:28.6480974-05:00" testType="13cdc9d9-ddb5-4fa4-a97d-d965ccfc6d4b" outcome="Passed" testListId="8c84fa94-04c1-424b-9868-57a2d4851a1d" relativeResultsDirectory="758abb56-3642-47c3-a9dc-5aa17b15e21b" />
    <UnitTestResult executionId="55c4fee6-33fa-44a4-a1a7-fd335927e642" testId="1a3022ce-406c-bc56-3557-b3179a3c60d6" testName="Portal.Networking.Tests.PortalEndpointTests.ServerUri_cannot_be_set_to_null" computerName="GOAT" duration="00:00:00.2493314" startTime="2026-10-01T17:24:58.3383537-05:00" endTime="2026-10-01T17:24:58.3383767-05:00" testType="13cdc9d9-ddb5-4fa4-a97d-d965ccfc6d4b" outcome="Passed" testListId="8c84fa94-04c1-424b-9868-57a2d4851a1d" relativeResultsDirectory="55c4fee6-33fa-44a4-a1a7-fd335927e642" />
    <UnitTestResult executionId="c1a0a4e4-21a0-47b1-965c-d0de6a3a085f" testId="fc565b52-9b65-79bd-9c4e-482092e298d5" testName="Portal.Networking.Tests.WebSocketConnectionTests.SendAsync_WhenNotConnected_ReturnsFailure" computerName="GOAT" duration="00:00:00.0004683" startTime="2026-10-01T17:25:36.7667381-05:00" endTime="2026-10-01T17:25:36.7667384-05:00" testType="13cdc9d9-ddb5-4fa4-a97d-d965ccfc6d4b" outcome="Passed" testListId="8c84fa94-04c1-424b-9868-57a2d4851a1d" relativeResultsDirectory="c1a0a4e4-21a0-47b1-965c-d0de6a3a085f" />
    <UnitTestResult executionId="f05217ac-db68-4519-8751-204914ebe333" testId="639464c4-673e-3d03-409b-9542ca2f6209" testName="Portal.Networking.Tests.WebSocketConnectionTests.ReceiveAsync_WithCancelledToken_ReturnsFailure" computerName="GOAT" duration="00:00:02.0121442" startTime="2026-10-01T17:25:30.6618565-05:00" endTime="2026-10-01T17:25:30.6618574-05:00" testType="13cdc9d9-ddb5-4fa4-a97d-d965ccfc6d4b" outcome="Passed" testListId="8c84fa94-04c1-424b-9868-57a2d4851a1d" relativeResultsDirectory="f05217ac-db68-4519-8751-204914ebe333" />
    <UnitTestResult executionId="85da5b01-7b05-4038-a1c4-e08bba99915d" testId="da6aa1f4-dabe-d182-2457-66222137269e" testName="Portal.Networking.Tests.WebSocketConnectionTests.ConnectDisconnect_MultipleCycles_EachSucceeds" computerName="GOAT" duration="00:00:06.1013374" startTime="2026-10-01T17:25:36.7646025-05:00" endTime="2026-10-01T17:25:36.7646029-05:00" testType="13cdc9d9-ddb5-4fa4-a97d-d965ccfc6d4b" outcome="Passed" testListId="8c84fa94-04c1-424b-9868-57a2d4851a1d" relativeResultsDirectory="85da5b01-7b05-4038-a1c4-e08bba99915d" />
    <UnitTestResult executionId="0285acc8-ccfd-456c-9bf9-20cd62304bee" testId="3ee95c39-e375-f8cf-e2c2-1cd33ba62100" testName="Portal.Networking.Tests.WebSocketConnectionTests.ConnectionStateChanged_EventFiresOnEveryTransition" computerName="GOAT" duration="00:00:02.0442390" startTime="2026-10-01T17:25:17.5242627-05:00" endTime="2026-10-01T17:25:17.5242631-05:00" testType="13cdc9d9-ddb5-4fa4-a97d-d965ccfc6d4b" outcome="Passed" testListId="8c84fa94-04c1-424b-9868-57a2d4851a1d" relativeResultsDirectory="0285acc8-ccfd-456c-9bf9-20cd62304bee" />
    <UnitTestResult executionId="69095e9a-5412-48f4-b8ec-2be86f0ccfc7" testId="e315bb66-5227-81f8-cc04-472fdddbe303" testName="Portal.Networking.Tests.WebSocketConnectionTests.RoundTrip_MultipleEnvelopes_PreservesContent" computerName="GOAT" duration="00:00:02.0390081" startTime="2026-10-01T17:25:09.3551911-05:00" endTime="2026-10-01T17:25:09.3551913-05:00" testType="13cdc9d9-ddb5-4fa4-a97d-d965ccfc6d4b" outcome="Passed" testListId="8c84fa94-04c1-424b-9868-57a2d4851a1d" relativeResultsDirectory="69095e9a-5412-48f4-b8ec-2be86f0ccfc7" />
    <UnitTestResult executionId="d51eb8e3-0746-4a69-ac19-80be23ce5668" testId="ef4e06e6-fe0c-a6dc-a3fc-25031dd51b55" testName="Portal.Networking.Tests.WebSocketConnectionTests.ConnectAsync_FromDisconnected_TransitionsToConnected" computerName="GOAT" duration="00:00:02.0226663" startTime="2026-10-01T17:25:38.7910338-05:00" endTime="2026-10-01T17:25:38.7910342-05:00" testType="13cdc9d9-ddb5-4fa4-a97d-d965ccfc6d4b" outcome="Passed" testListId="8c84fa94-04c1-424b-9868-57a2d4851a1d" relativeResultsDirectory="d51eb8e3-0746-4a69-ac19-80be23ce5668" />
    <UnitTestResult executionId="a6124e28-adac-49b2-96cd-320fc08a9b09" testId="7c3afc02-6e25-c405-ce7e-11a76716cde9" testName="Portal.Networking.Tests.WebSocketConnectionTests.ReceiveAsync_AfterSend_ReturnsValidatedEnvelope" computerName="GOAT" duration="00:00:02.0410297" startTime="2026-10-01T17:25:24.3707381-05:00" endTime="2026-10-01T17:25:24.3707386-05:00" testType="13cdc9d9-ddb5-4fa4-a97d-d965ccfc6d4b" outcome="Passed" testListId="8c84fa94-04c1-424b-9868-57a2d4851a1d" relativeResultsDirectory="a6124e28-adac-49b2-96cd-320fc08a9b09" />
    <UnitTestResult executionId="77f50477-52fd-45ce-b78b-f11885404051" testId="3dd29c3f-d195-e2b2-b11c-205cda9ce593" testName="Portal.Networking.Tests.PortalEndpointTests.Persisted_toggle_state_survives_a_settings_round_trip" computerName="GOAT" duration="00:00:00.0084812" startTime="2026-10-01T17:24:58.3807414-05:00" endTime="2026-10-01T17:24:58.3807418-05:00" testType="13cdc9d9-ddb5-4fa4-a97d-d965ccfc6d4b" outcome="Passed" testListId="8c84fa94-04c1-424b-9868-57a2d4851a1d" relativeResultsDirectory="77f50477-52fd-45ce-b78b-f11885404051" />
    <UnitTestResult executionId="1e2007b2-342b-4376-85e3-c9ea79234659" testId="6db81571-a11d-080f-0b8d-28ec22a0e103" testName="Portal.Networking.Tests.PortalEndpointTests.Local_toggle_on_resolves_to_localhost_4013" computerName="GOAT" duration="00:00:00.0001985" startTime="2026-10-01T17:24:58.3851017-05:00" endTime="2026-10-01T17:24:58.3851017-05:00" testType="13cdc9d9-ddb5-4fa4-a97d-d965ccfc6d4b" outcome="Passed" testListId="8c84fa94-04c1-424b-9868-57a2d4851a1d" relativeResultsDirectory="1e2007b2-342b-4376-85e3-c9ea79234659" />
    <UnitTestResult executionId="fa9eba56-d26d-4218-a9f9-82b101df5684" testId="16d4edc3-f269-2b5f-3877-43384833c93e" testName="Portal.Networking.Tests.PortalEndpointTests.Production_endpoint_carries_the_standard_https_port_only" computerName="GOAT" duration="00:00:00.0038269" startTime="2026-10-01T17:24:58.3715565-05:00" endTime="2026-10-01T17:24:58.3715570-05:00" testType="13cdc9d9-ddb5-4fa4-a97d-d965ccfc6d4b" outcome="Passed" testListId="8c84fa94-04c1-424b-9868-57a2d4851a1d" relativeResultsDirectory="fa9eba56-d26d-4218-a9f9-82b101df5684" />
    <UnitTestResult executionId="251446b7-f972-4f9c-96fc-9d4200c0032c" testId="5e0fa43a-d550-d998-762b-25e5048d7ce1" testName="Portal.Networking.Tests.PortalEndpointTests.Production_selection_is_retained_across_a_reconnect" computerName="GOAT" duration="00:00:00.0017639" startTime="2026-10-01T17:24:58.3990448-05:00" endTime="2026-10-01T17:24:58.3990450-05:00" testType="13cdc9d9-ddb5-4fa4-a97d-d965ccfc6d4b" outcome="Passed" testListId="8c84fa94-04c1-424b-9868-57a2d4851a1d" relativeResultsDirectory="251446b7-f972-4f9c-96fc-9d4200c0032c" />
    <UnitTestResult executionId="b608a033-7a1d-4700-9548-23702c544a17" testId="1e86bb92-25f9-9f9d-63ab-1197bebaa93c" testName="Portal.Networking.Tests.WebSocketConnectionTests.ServerClosesConnection_TransitionsToDisconnected" computerName="GOAT" duration="00:00:02.5395122" startTime="2026-10-01T17:25:22.3280121-05:00" endTime="2026-10-01T17:25:22.3280124-05:00" testType="13cdc9d9-ddb5-4fa4-a97d-d965ccfc6d4b" outcome="Passed" testListId="8c84fa94-04c1-424b-9868-57a2d4851a1d" relativeResultsDirectory="b608a033-7a1d-4700-9548-23702c544a17" />
    <UnitTestResult executionId="80a289b0-91e8-4c57-87bf-fcd343b22c91" testId="6da412a1-cc2f-1274-8935-b99ee29e4432" testName="Portal.Networking.Tests.PortalEndpointTests.Default_target_is_production_not_localhost" computerName="GOAT" duration="00:00:00.0028701" startTime="2026-10-01T17:24:58.3841130-05:00" endTime="2026-10-01T17:24:58.3841134-05:00" testType="13cdc9d9-ddb5-4fa4-a97d-d965ccfc6d4b" outcome="Passed" testListId="8c84fa94-04c1-424b-9868-57a2d4851a1d" relativeResultsDirectory="80a289b0-91e8-4c57-87bf-fcd343b22c91" />
    <UnitTestResult executionId="89a12d2b-cf59-42bf-9e6e-cec0a12a9070" testId="af5db2ad-0b11-92fe-2459-64a75ee4054e" testName="Portal.Networking.Tests.WebSocketConnectionTests.DisconnectAsync_CleansUpAndAllowsReconnect" computerName="GOAT" duration="00:00:04.1519991" startTime="2026-10-01T17:25:02.6976908-05:00" endTime="2026-10-01T17:25:02.6976910-05:00" testType="13cdc9d9-ddb5-4fa4-a97d-d965ccfc6d4b" outcome="Passed" testListId="8c84fa94-04c1-424b-9868-57a2d4851a1d" relativeResultsDirectory="89a12d2b-cf59-42bf-9e6e-cec0a12a9070" />
    <UnitTestResult executionId="a6982a03-52d0-4618-bb06-87d06658b60f" testId="e0113b73-d08e-f159-9c41-1ded7110f64c" testName="Portal.Networking.Tests.WebSocketConnectionTests.DisposeAsync_WhenConnected_GracefullyDisconnects" computerName="GOAT" duration="00:00:02.0319974" startTime="2026-10-01T17:25:15.4780660-05:00" endTime="2026-10-01T17:25:15.4780666-05:00" testType="13cdc9d9-ddb5-4fa4-a97d-d965ccfc6d4b" outcome="Passed" testListId="8c84fa94-04c1-424b-9868-57a2d4851a1d" relativeResultsDirectory="a6982a03-52d0-4618-bb06-87d06658b60f" />
    <UnitTestResult executionId="2b270fa4-7290-423f-a91e-d26c0ab7f021" testId="e016ccc4-5474-01da-697c-af864dff15dd" testName="Portal.Networking.Tests.WebSocketConnectionTests.DisconnectAsync_FromConnected_TransitionsToDisconnected" computerName="GOAT" duration="00:00:02.0213375" startTime="2026-10-01T17:25:26.3938227-05:00" endTime="2026-10-01T17:25:26.3938231-05:00" testType="13cdc9d9-ddb5-4fa4-a97d-d965ccfc6d4b" outcome="Passed" testListId="8c84fa94-04c1-424b-9868-57a2d4851a1d" relativeResultsDirectory="2b270fa4-7290-423f-a91e-d26c0ab7f021" />
  </Results>
  <TestDefinitions>
    <UnitTest name="Portal.Networking.Tests.PortalEndpointTests.Connection_target_labels_are_concise_and_port_free" storage="c:\users\mcdor\portal\portal.networking.tests\bin\release\net8.0\portal.networking.tests.dll" id="e649621a-823a-00be-e02e-0a3dd961e3bd">
      <Execution id="6deef32a-de51-48b3-9574-4f137e4f8e1b" />
      <TestMethod codeBase="C:\Users\mcdor\Portal\Portal.Networking.Tests\bin\Release\net8.0\Portal.Networking.Tests.dll" adapterTypeName="executor://xunit/VsTestRunner2/netcoreapp" className="Portal.Networking.Tests.PortalEndpointTests" name="Connection_target_labels_are_concise_and_port_free" />
    </UnitTest>
    <UnitTest name="Portal.Networking.Tests.WebSocketConnectionTests.DisconnectAsync_FromConnected_TransitionsToDisconnected" storage="c:\users\mcdor\portal\portal.networking.tests\bin\release\net8.0\portal.networking.tests.dll" id="e016ccc4-5474-01da-697c-af864dff15dd">
      <Execution id="2b270fa4-7290-423f-a91e-d26c0ab7f021" />
      <TestMethod codeBase="C:\Users\mcdor\Portal\Portal.Networking.Tests\bin\Release\net8.0\Portal.Networking.Tests.dll" adapterTypeName="executor://xunit/VsTestRunner2/netcoreapp" className="Portal.Networking.Tests.WebSocketConnectionTests" name="DisconnectAsync_FromConnected_TransitionsToDisconnected" />
    </UnitTest>
    <UnitTest name="Portal.Networking.Tests.WebSocketConnectionTests.RoundTrip_MultipleEnvelopes_PreservesContent" storage="c:\users\mcdor\portal\portal.networking.tests\bin\release\net8.0\portal.networking.tests.dll" id="e315bb66-5227-81f8-cc04-472fdddbe303">
      <Execution id="69095e9a-5412-48f4-b8ec-2be86f0ccfc7" />
      <TestMethod codeBase="C:\Users\mcdor\Portal\Portal.Networking.Tests\bin\Release\net8.0\Portal.Networking.Tests.dll" adapterTypeName="executor://xunit/VsTestRunner2/netcoreapp" className="Portal.Networking.Tests.WebSocketConnectionTests" name="RoundTrip_MultipleEnvelopes_PreservesContent" />
    </UnitTest>
    <UnitTest name="Portal.Networking.Tests.WebSocketConnectionTests.ConnectAsync_AlreadyConnected_ReturnsFailure" storage="c:\users\mcdor\portal\portal.networking.tests\bin\release\net8.0\portal.networking.tests.dll" id="cd4b173e-da41-2cc2-ac41-273da972cc10">
      <Execution id="011fce84-1dec-4e35-9c03-3f44b4be3291" />
      <TestMethod codeBase="C:\Users\mcdor\Portal\Portal.Networking.Tests\bin\Release\net8.0\Portal.Networking.Tests.dll" adapterTypeName="executor://xunit/VsTestRunner2/netcoreapp" className="Portal.Networking.Tests.WebSocketConnectionTests" name="ConnectAsync_AlreadyConnected_ReturnsFailure" />
    </UnitTest>
    <UnitTest name="Portal.Networking.Tests.PortalEndpointTests.Local_toggle_on_resolves_to_localhost_4013" storage="c:\users\mcdor\portal\portal.networking.tests\bin\release\net8.0\portal.networking.tests.dll" id="6db81571-a11d-080f-0b8d-28ec22a0e103">
      <Execution id="1e2007b2-342b-4376-85e3-c9ea79234659" />
      <TestMethod codeBase="C:\Users\mcdor\Portal\Portal.Networking.Tests\bin\Release\net8.0\Portal.Networking.Tests.dll" adapterTypeName="executor://xunit/VsTestRunner2/netcoreapp" className="Portal.Networking.Tests.PortalEndpointTests" name="Local_toggle_on_resolves_to_localhost_4013" />
    </UnitTest>
    <UnitTest name="Portal.Networking.Tests.PortalEndpointTests.Production_endpoint_uses_secure_websocket_transport" storage="c:\users\mcdor\portal\portal.networking.tests\bin\release\net8.0\portal.networking.tests.dll" id="bd455bf5-3598-36b6-b7e5-e438495404eb">
      <Execution id="6f6169ab-dc79-4823-99b8-76740e74ceef" />
      <TestMethod codeBase="C:\Users\mcdor\Portal\Portal.Networking.Tests\bin\Release\net8.0\Portal.Networking.Tests.dll" adapterTypeName="executor://xunit/VsTestRunner2/netcoreapp" className="Portal.Networking.Tests.PortalEndpointTests" name="Production_endpoint_uses_secure_websocket_transport" />
    </UnitTest>
    <UnitTest name="Portal.Networking.Tests.WebSocketConnectionTests.ReceiveAsync_WhenNotConnected_ReturnsFailure" storage="c:\users\mcdor\portal\portal.networking.tests\bin\release\net8.0\portal.networking.tests.dll" id="11f78220-f6e7-3656-1b75-adc30e11a8ae">
      <Execution id="e8e9c9bc-dcce-43ff-8809-eb954be6af32" />
      <TestMethod codeBase="C:\Users\mcdor\Portal\Portal.Networking.Tests\bin\Release\net8.0\Portal.Networking.Tests.dll" adapterTypeName="executor://xunit/VsTestRunner2/netcoreapp" className="Portal.Networking.Tests.WebSocketConnectionTests" name="ReceiveAsync_WhenNotConnected_ReturnsFailure" />
    </UnitTest>
    <UnitTest name="Portal.Networking.Tests.WebSocketConnectionTests.DisconnectAsync_CleansUpAndAllowsReconnect" storage="c:\users\mcdor\portal\portal.networking.tests\bin\release\net8.0\portal.networking.tests.dll" id="af5db2ad-0b11-92fe-2459-64a75ee4054e">
      <Execution id="89a12d2b-cf59-42bf-9e6e-cec0a12a9070" />
      <TestMethod codeBase="C:\Users\mcdor\Portal\Portal.Networking.Tests\bin\Release\net8.0\Portal.Networking.Tests.dll" adapterTypeName="executor://xunit/VsTestRunner2/netcoreapp" className="Portal.Networking.Tests.WebSocketConnectionTests" name="DisconnectAsync_CleansUpAndAllowsReconnect" />
    </UnitTest>
    <UnitTest name="Portal.Networking.Tests.PortalEndpointTests.Settings_file_without_the_toggle_key_defaults_to_production" storage="c:\users\mcdor\portal\portal.networking.tests\bin\release\net8.0\portal.networking.tests.dll" id="0fec8485-82b6-bcfe-e576-63a0d7a213ca">
      <Execution id="af80f7b0-eeab-4c79-9e15-f84de454f5dc" />
      <TestMethod codeBase="C:\Users\mcdor\Portal\Portal.Networking.Tests\bin\Release\net8.0\Portal.Networking.Tests.dll" adapterTypeName="executor://xunit/VsTestRunner2/netcoreapp" className="Portal.Networking.Tests.PortalEndpointTests" name="Settings_file_without_the_toggle_key_defaults_to_production" />
    </UnitTest>
    <UnitTest name="Portal.Networking.Tests.PortalEndpointTests.Only_the_local_development_endpoint_is_plaintext" storage="c:\users\mcdor\portal\portal.networking.tests\bin\release\net8.0\portal.networking.tests.dll" id="cf33e4e6-2ec0-6c9b-cff0-fdcf1be4db40">
      <Execution id="fb7802d2-f90d-43ca-b1b2-4fdb302d0c8c" />
      <TestMethod codeBase="C:\Users\mcdor\Portal\Portal.Networking.Tests\bin\Release\net8.0\Portal.Networking.Tests.dll" adapterTypeName="executor://xunit/VsTestRunner2/netcoreapp" className="Portal.Networking.Tests.PortalEndpointTests" name="Only_the_local_development_endpoint_is_plaintext" />
    </UnitTest>
    <UnitTest name="Portal.Networking.Tests.WebSocketConnectionTests.ServerClosesConnection_TransitionsToDisconnected" storage="c:\users\mcdor\portal\portal.networking.tests\bin\release\net8.0\portal.networking.tests.dll" id="1e86bb92-25f9-9f9d-63ab-1197bebaa93c">
      <Execution id="b608a033-7a1d-4700-9548-23702c544a17" />
      <TestMethod codeBase="C:\Users\mcdor\Portal\Portal.Networking.Tests\bin\Release\net8.0\Portal.Networking.Tests.dll" adapterTypeName="executor://xunit/VsTestRunner2/netcoreapp" className="Portal.Networking.Tests.WebSocketConnectionTests" name="ServerClosesConnection_TransitionsToDisconnected" />
    </UnitTest>
    <UnitTest name="Portal.Networking.Tests.PortalEndpointTests.Production_selection_is_retained_across_a_reconnect" storage="c:\users\mcdor\portal\portal.networking.tests\bin\release\net8.0\portal.networking.tests.dll" id="5e0fa43a-d550-d998-762b-25e5048d7ce1">
      <Execution id="251446b7-f972-4f9c-96fc-9d4200c0032c" />
      <TestMethod codeBase="C:\Users\mcdor\Portal\Portal.Networking.Tests\bin\Release\net8.0\Portal.Networking.Tests.dll" adapterTypeName="executor://xunit/VsTestRunner2/netcoreapp" className="Portal.Networking.Tests.PortalEndpointTests" name="Production_selection_is_retained_across_a_reconnect" />
    </UnitTest>
    <UnitTest name="Portal.Networking.Tests.PortalEndpointTests.Persisted_toggle_state_survives_a_settings_round_trip" storage="c:\users\mcdor\portal\portal.networking.tests\bin\release\net8.0\portal.networking.tests.dll" id="3dd29c3f-d195-e2b2-b11c-205cda9ce593">
      <Execution id="77f50477-52fd-45ce-b78b-f11885404051" />
      <TestMethod codeBase="C:\Users\mcdor\Portal\Portal.Networking.Tests\bin\Release\net8.0\Portal.Networking.Tests.dll" adapterTypeName="executor://xunit/VsTestRunner2/netcoreapp" className="Portal.Networking.Tests.PortalEndpointTests" name="Persisted_toggle_state_survives_a_settings_round_trip" />
    </UnitTest>
    <UnitTest name="Portal.Networking.Tests.PortalEndpointTests.Production_endpoint_carries_the_standard_https_port_only" storage="c:\users\mcdor\portal\portal.networking.tests\bin\release\net8.0\portal.networking.tests.dll" id="16d4edc3-f269-2b5f-3877-43384833c93e">
      <Execution id="fa9eba56-d26d-4218-a9f9-82b101df5684" />
      <TestMethod codeBase="C:\Users\mcdor\Portal\Portal.Networking.Tests\bin\Release\net8.0\Portal.Networking.Tests.dll" adapterTypeName="executor://xunit/VsTestRunner2/netcoreapp" className="Portal.Networking.Tests.PortalEndpointTests" name="Production_endpoint_carries_the_standard_https_port_only" />
    </UnitTest>
    <UnitTest name="Portal.Networking.Tests.WebSocketConnectionTests.ConnectAsync_WithCancelledToken_ReturnsFailure" storage="c:\users\mcdor\portal\portal.networking.tests\bin\release\net8.0\portal.networking.tests.dll" id="edbe0a53-0cd9-174c-0af9-1e7267d3d51e">
      <Execution id="05125b4e-b475-47e4-993e-5a25ece69a33" />
      <TestMethod codeBase="C:\Users\mcdor\Portal\Portal.Networking.Tests\bin\Release\net8.0\Portal.Networking.Tests.dll" adapterTypeName="executor://xunit/VsTestRunner2/netcoreapp" className="Portal.Networking.Tests.WebSocketConnectionTests" name="ConnectAsync_WithCancelledToken_ReturnsFailure" />
    </UnitTest>
    <UnitTest name="Portal.Networking.Tests.WebSocketConnectionTests.ConnectAsync_InvalidScheme_ReturnsFailure" storage="c:\users\mcdor\portal\portal.networking.tests\bin\release\net8.0\portal.networking.tests.dll" id="73d7e673-e249-c30d-0274-9ead98b90547">
      <Execution id="159c818a-ea3c-478c-a20b-f62c6f2196d0" />
      <TestMethod codeBase="C:\Users\mcdor\Portal\Portal.Networking.Tests\bin\Release\net8.0\Portal.Networking.Tests.dll" adapterTypeName="executor://xunit/VsTestRunner2/netcoreapp" className="Portal.Networking.Tests.WebSocketConnectionTests" name="ConnectAsync_InvalidScheme_ReturnsFailure" />
    </UnitTest>
    <UnitTest name="Portal.Networking.Tests.WebSocketConnectionTests.ReceiveLoop_MalformedMessage_DoesNotPropagateToConsumer" storage="c:\users\mcdor\portal\portal.networking.tests\bin\release\net8.0\portal.networking.tests.dll" id="42eee87f-b634-f69a-39db-bc080eeaddbf">
      <Execution id="a84c1f17-b1cf-400e-8e65-3475a495bf56" />
      <TestMethod codeBase="C:\Users\mcdor\Portal\Portal.Networking.Tests\bin\Release\net8.0\Portal.Networking.Tests.dll" adapterTypeName="executor://xunit/VsTestRunner2/netcoreapp" className="Portal.Networking.Tests.WebSocketConnectionTests" name="ReceiveLoop_MalformedMessage_DoesNotPropagateToConsumer" />
    </UnitTest>
    <UnitTest name="Portal.Networking.Tests.WebSocketConnectionTests.ConnectDisconnect_MultipleCycles_EachSucceeds" storage="c:\users\mcdor\portal\portal.networking.tests\bin\release\net8.0\portal.networking.tests.dll" id="da6aa1f4-dabe-d182-2457-66222137269e">
      <Execution id="85da5b01-7b05-4038-a1c4-e08bba99915d" />
      <TestMethod codeBase="C:\Users\mcdor\Portal\Portal.Networking.Tests\bin\Release\net8.0\Portal.Networking.Tests.dll" adapterTypeName="executor://xunit/VsTestRunner2/netcoreapp" className="Portal.Networking.Tests.WebSocketConnectionTests" name="ConnectDisconnect_MultipleCycles_EachSucceeds" />
    </UnitTest>
    <UnitTest name="Portal.Networking.Tests.WebSocketConnectionTests.ConnectionStateChanged_EventFiresOnEveryTransition" storage="c:\users\mcdor\portal\portal.networking.tests\bin\release\net8.0\portal.networking.tests.dll" id="3ee95c39-e375-f8cf-e2c2-1cd33ba62100">
      <Execution id="0285acc8-ccfd-456c-9bf9-20cd62304bee" />
      <TestMethod codeBase="C:\Users\mcdor\Portal\Portal.Networking.Tests\bin\Release\net8.0\Portal.Networking.Tests.dll" adapterTypeName="executor://xunit/VsTestRunner2/netcoreapp" className="Portal.Networking.Tests.WebSocketConnectionTests" name="ConnectionStateChanged_EventFiresOnEveryTransition" />
    </UnitTest>
    <UnitTest name="Portal.Networking.Tests.WebSocketConnectionTests.ReceiveLoop_MultipleMalformedMessages_ContinuesProcessing" storage="c:\users\mcdor\portal\portal.networking.tests\bin\release\net8.0\portal.networking.tests.dll" id="8ad829a7-2a1d-c825-7c69-dc657c7659c6">
      <Execution id="758abb56-3642-47c3-a9dc-5aa17b15e21b" />
      <TestMethod codeBase="C:\Users\mcdor\Portal\Portal.Networking.Tests\bin\Release\net8.0\Portal.Networking.Tests.dll" adapterTypeName="executor://xunit/VsTestRunner2/netcoreapp" className="Portal.Networking.Tests.WebSocketConnectionTests" name="ReceiveLoop_MultipleMalformedMessages_ContinuesProcessing" />
    </UnitTest>
    <UnitTest name="Portal.Networking.Tests.WebSocketConnectionTests.SendAsync_AfterServerDisconnect_ReturnsFailure" storage="c:\users\mcdor\portal\portal.networking.tests\bin\release\net8.0\portal.networking.tests.dll" id="4830a854-8661-2652-3462-88920acc94e0">
      <Execution id="c0f06aca-868f-4763-a324-72e72d1c6c9c" />
      <TestMethod codeBase="C:\Users\mcdor\Portal\Portal.Networking.Tests\bin\Release\net8.0\Portal.Networking.Tests.dll" adapterTypeName="executor://xunit/VsTestRunner2/netcoreapp" className="Portal.Networking.Tests.WebSocketConnectionTests" name="SendAsync_AfterServerDisconnect_ReturnsFailure" />
    </UnitTest>
    <UnitTest name="Portal.Networking.Tests.WebSocketConnectionTests.SendAsync_WithNullEnvelope_ReturnsFailure" storage="c:\users\mcdor\portal\portal.networking.tests\bin\release\net8.0\portal.networking.tests.dll" id="bbdb75f6-9419-cc29-1ee8-0819947b8f1e">
      <Execution id="f76394f0-1752-4175-bf37-73965119ffee" />
      <TestMethod codeBase="C:\Users\mcdor\Portal\Portal.Networking.Tests\bin\Release\net8.0\Portal.Networking.Tests.dll" adapterTypeName="executor://xunit/VsTestRunner2/netcoreapp" className="Portal.Networking.Tests.WebSocketConnectionTests" name="SendAsync_WithNullEnvelope_ReturnsFailure" />
    </UnitTest>
    <UnitTest name="Portal.Networking.Tests.WebSocketConnectionTests.ConnectAsync_FromDisconnected_TransitionsToConnected" storage="c:\users\mcdor\portal\portal.networking.tests\bin\release\net8.0\portal.networking.tests.dll" id="ef4e06e6-fe0c-a6dc-a3fc-25031dd51b55">
      <Execution id="d51eb8e3-0746-4a69-ac19-80be23ce5668" />
      <TestMethod codeBase="C:\Users\mcdor\Portal\Portal.Networking.Tests\bin\Release\net8.0\Portal.Networking.Tests.dll" adapterTypeName="executor://xunit/VsTestRunner2/netcoreapp" className="Portal.Networking.Tests.WebSocketConnectionTests" name="ConnectAsync_FromDisconnected_TransitionsToConnected" />
    </UnitTest>
    <UnitTest name="Portal.Networking.Tests.PortalEndpointTests.Local_toggle_off_and_on_map_to_the_expected_targets" storage="c:\users\mcdor\portal\portal.networking.tests\bin\release\net8.0\portal.networking.tests.dll" id="f52eda5c-8e1d-be34-931a-fdc826166e27">
      <Execution id="85bc53d8-72db-4c67-933b-9322f5b15412" />
      <TestMethod codeBase="C:\Users\mcdor\Portal\Portal.Networking.Tests\bin\Release\net8.0\Portal.Networking.Tests.dll" adapterTypeName="executor://xunit/VsTestRunner2/netcoreapp" className="Portal.Networking.Tests.PortalEndpointTests" name="Local_toggle_off_and_on_map_to_the_expected_targets" />
    </UnitTest>
    <UnitTest name="Portal.Networking.Tests.WebSocketConnectionTests.DisposeAsync_WhenConnected_GracefullyDisconnects" storage="c:\users\mcdor\portal\portal.networking.tests\bin\release\net8.0\portal.networking.tests.dll" id="e0113b73-d08e-f159-9c41-1ded7110f64c">
      <Execution id="a6982a03-52d0-4618-bb06-87d06658b60f" />
      <TestMethod codeBase="C:\Users\mcdor\Portal\Portal.Networking.Tests\bin\Release\net8.0\Portal.Networking.Tests.dll" adapterTypeName="executor://xunit/VsTestRunner2/netcoreapp" className="Portal.Networking.Tests.WebSocketConnectionTests" name="DisposeAsync_WhenConnected_GracefullyDisconnects" />
    </UnitTest>
    <UnitTest name="Portal.Networking.Tests.WebSocketConnectionTests.ReceiveAsync_AfterSend_ReturnsValidatedEnvelope" storage="c:\users\mcdor\portal\portal.networking.tests\bin\release\net8.0\portal.networking.tests.dll" id="7c3afc02-6e25-c405-ce7e-11a76716cde9">
      <Execution id="a6124e28-adac-49b2-96cd-320fc08a9b09" />
      <TestMethod codeBase="C:\Users\mcdor\Portal\Portal.Networking.Tests\bin\Release\net8.0\Portal.Networking.Tests.dll" adapterTypeName="executor://xunit/VsTestRunner2/netcoreapp" className="Portal.Networking.Tests.WebSocketConnectionTests" name="ReceiveAsync_AfterSend_ReturnsValidatedEnvelope" />
    </UnitTest>
    <UnitTest name="Portal.Networking.Tests.PortalEndpointTests.Default_target_is_production_not_localhost" storage="c:\users\mcdor\portal\portal.networking.tests\bin\release\net8.0\portal.networking.tests.dll" id="6da412a1-cc2f-1274-8935-b99ee29e4432">
      <Execution id="80a289b0-91e8-4c57-87bf-fcd343b22c91" />
      <TestMethod codeBase="C:\Users\mcdor\Portal\Portal.Networking.Tests\bin\Release\net8.0\Portal.Networking.Tests.dll" adapterTypeName="executor://xunit/VsTestRunner2/netcoreapp" className="Portal.Networking.Tests.PortalEndpointTests" name="Default_target_is_production_not_localhost" />
    </UnitTest>
    <UnitTest name="Portal.Networking.Tests.WebSocketConnectionTests.SendAsync_WhenNotConnected_ReturnsFailure" storage="c:\users\mcdor\portal\portal.networking.tests\bin\release\net8.0\portal.networking.tests.dll" id="fc565b52-9b65-79bd-9c4e-482092e298d5">
      <Execution id="c1a0a4e4-21a0-47b1-965c-d0de6a3a085f" />
      <TestMethod codeBase="C:\Users\mcdor\Portal\Portal.Networking.Tests\bin\Release\net8.0\Portal.Networking.Tests.dll" adapterTypeName="executor://xunit/VsTestRunner2/netcoreapp" className="Portal.Networking.Tests.WebSocketConnectionTests" name="SendAsync_WhenNotConnected_ReturnsFailure" />
    </UnitTest>
    <UnitTest name="Portal.Networking.Tests.PortalEndpointTests.Production_endpoint_contains_no_localhost_authority" storage="c:\users\mcdor\portal\portal.networking.tests\bin\release\net8.0\portal.networking.tests.dll" id="9c87a7f0-e5a9-4eec-b00b-d5b17e4bdb17">
      <Execution id="d9a49d22-e653-4a36-a3de-71ef9ca3a26e" />
      <TestMethod codeBase="C:\Users\mcdor\Portal\Portal.Networking.Tests\bin\Release\net8.0\Portal.Networking.Tests.dll" adapterTypeName="executor://xunit/VsTestRunner2/netcoreapp" className="Portal.Networking.Tests.PortalEndpointTests" name="Production_endpoint_contains_no_localhost_authority" />
    </UnitTest>
    <UnitTest name="Portal.Networking.Tests.PortalEndpointTests.There_is_no_insecure_production_variant" storage="c:\users\mcdor\portal\portal.networking.tests\bin\release\net8.0\portal.networking.tests.dll" id="7ea9bf05-f499-afb7-8360-0812d05cc21b">
      <Execution id="66472234-dd98-4cf8-8fb8-472f69d28980" />
      <TestMethod codeBase="C:\Users\mcdor\Portal\Portal.Networking.Tests\bin\Release\net8.0\Portal.Networking.Tests.dll" adapterTypeName="executor://xunit/VsTestRunner2/netcoreapp" className="Portal.Networking.Tests.PortalEndpointTests" name="There_is_no_insecure_production_variant" />
    </UnitTest>
    <UnitTest name="Portal.Networking.Tests.WebSocketConnectionTests.ReceiveAsync_WithCancelledToken_ReturnsFailure" storage="c:\users\mcdor\portal\portal.networking.tests\bin\release\net8.0\portal.networking.tests.dll" id="639464c4-673e-3d03-409b-9542ca2f6209">
      <Execution id="f05217ac-db68-4519-8751-204914ebe333" />
      <TestMethod codeBase="C:\Users\mcdor\Portal\Portal.Networking.Tests\bin\Release\net8.0\Portal.Networking.Tests.dll" adapterTypeName="executor://xunit/VsTestRunner2/netcoreapp" className="Portal.Networking.Tests.WebSocketConnectionTests" name="ReceiveAsync_WithCancelledToken_ReturnsFailure" />
    </UnitTest>
    <UnitTest name="Portal.Networking.Tests.WebSocketConnectionTests.SendAsync_ValidEnvelope_SerializesAndSendsOverWebSocket" storage="c:\users\mcdor\portal\portal.networking.tests\bin\release\net8.0\portal.networking.tests.dll" id="f65e8180-f8f6-41e3-bc14-5ff0e45358f2">
      <Execution id="a370cf12-3b24-42af-92c0-48e4596a4d3f" />
      <TestMethod codeBase="C:\Users\mcdor\Portal\Portal.Networking.Tests\bin\Release\net8.0\Portal.Networking.Tests.dll" adapterTypeName="executor://xunit/VsTestRunner2/netcoreapp" className="Portal.Networking.Tests.WebSocketConnectionTests" name="SendAsync_ValidEnvelope_SerializesAndSendsOverWebSocket" />
    </UnitTest>
    <UnitTest name="Portal.Networking.Tests.PortalEndpointTests.Reconnect_uses_the_currently_selected_endpoint" storage="c:\users\mcdor\portal\portal.networking.tests\bin\release\net8.0\portal.networking.tests.dll" id="32f8abff-08ce-0e46-2ccd-1f6bfdd70d66">
      <Execution id="a8f9a2ac-afc0-4123-8010-e8d5a0cce83f" />
      <TestMethod codeBase="C:\Users\mcdor\Portal\Portal.Networking.Tests\bin\Release\net8.0\Portal.Networking.Tests.dll" adapterTypeName="executor://xunit/VsTestRunner2/netcoreapp" className="Portal.Networking.Tests.PortalEndpointTests" name="Reconnect_uses_the_currently_selected_endpoint" />
    </UnitTest>
    <UnitTest name="Portal.Networking.Tests.PortalEndpointTests.ServerUri_cannot_be_set_to_null" storage="c:\users\mcdor\portal\portal.networking.tests\bin\release\net8.0\portal.networking.tests.dll" id="1a3022ce-406c-bc56-3557-b3179a3c60d6">
      <Execution id="55c4fee6-33fa-44a4-a1a7-fd335927e642" />
      <TestMethod codeBase="C:\Users\mcdor\Portal\Portal.Networking.Tests\bin\Release\net8.0\Portal.Networking.Tests.dll" adapterTypeName="executor://xunit/VsTestRunner2/netcoreapp" className="Portal.Networking.Tests.PortalEndpointTests" name="ServerUri_cannot_be_set_to_null" />
    </UnitTest>
    <UnitTest name="Portal.Networking.Tests.PortalEndpointTests.Production_endpoint_resolves_to_ritesrpg_com" storage="c:\users\mcdor\portal\portal.networking.tests\bin\release\net8.0\portal.networking.tests.dll" id="d2733077-e19e-712f-9756-be6df784cfdb">
      <Execution id="ae89d1f2-d0af-4f1c-86ad-25929b7b133a" />
      <TestMethod codeBase="C:\Users\mcdor\Portal\Portal.Networking.Tests\bin\Release\net8.0\Portal.Networking.Tests.dll" adapterTypeName="executor://xunit/VsTestRunner2/netcoreapp" className="Portal.Networking.Tests.PortalEndpointTests" name="Production_endpoint_resolves_to_ritesrpg_com" />
    </UnitTest>
    <UnitTest name="Portal.Networking.Tests.PortalEndpointTests.Toggle_round_trips_through_the_persisted_representation" storage="c:\users\mcdor\portal\portal.networking.tests\bin\release\net8.0\portal.networking.tests.dll" id="cb5e013b-5a5a-2610-32fb-e34522a19db4">
      <Execution id="0ad15cb8-8e33-4717-b592-34cbccf1e250" />
      <TestMethod codeBase="C:\Users\mcdor\Portal\Portal.Networking.Tests\bin\Release\net8.0\Portal.Networking.Tests.dll" adapterTypeName="executor://xunit/VsTestRunner2/netcoreapp" className="Portal.Networking.Tests.PortalEndpointTests" name="Toggle_round_trips_through_the_persisted_representation" />
    </UnitTest>
    <UnitTest name="Portal.Networking.Tests.PortalEndpointTests.Unknown_target_is_rejected_rather_than_silently_defaulting" storage="c:\users\mcdor\portal\portal.networking.tests\bin\release\net8.0\portal.networking.tests.dll" id="5c3c71de-121e-7ebb-7ef2-71ffdda99f4e">
      <Execution id="ccfd8d41-1e98-405e-9df6-ad31c8372036" />
      <TestMethod codeBase="C:\Users\mcdor\Portal\Portal.Networking.Tests\bin\Release\net8.0\Portal.Networking.Tests.dll" adapterTypeName="executor://xunit/VsTestRunner2/netcoreapp" className="Portal.Networking.Tests.PortalEndpointTests" name="Unknown_target_is_rejected_rather_than_silently_defaulting" />
    </UnitTest>
  </TestDefinitions>
  <TestEntries>
    <TestEntry testId="e649621a-823a-00be-e02e-0a3dd961e3bd" executionId="6deef32a-de51-48b3-9574-4f137e4f8e1b" testListId="8c84fa94-04c1-424b-9868-57a2d4851a1d" />
    <TestEntry testId="7ea9bf05-f499-afb7-8360-0812d05cc21b" executionId="66472234-dd98-4cf8-8fb8-472f69d28980" testListId="8c84fa94-04c1-424b-9868-57a2d4851a1d" />
    <TestEntry testId="d2733077-e19e-712f-9756-be6df784cfdb" executionId="ae89d1f2-d0af-4f1c-86ad-25929b7b133a" testListId="8c84fa94-04c1-424b-9868-57a2d4851a1d" />
    <TestEntry testId="cd4b173e-da41-2cc2-ac41-273da972cc10" executionId="011fce84-1dec-4e35-9c03-3f44b4be3291" testListId="8c84fa94-04c1-424b-9868-57a2d4851a1d" />
    <TestEntry testId="0fec8485-82b6-bcfe-e576-63a0d7a213ca" executionId="af80f7b0-eeab-4c79-9e15-f84de454f5dc" testListId="8c84fa94-04c1-424b-9868-57a2d4851a1d" />
    <TestEntry testId="cf33e4e6-2ec0-6c9b-cff0-fdcf1be4db40" executionId="fb7802d2-f90d-43ca-b1b2-4fdb302d0c8c" testListId="8c84fa94-04c1-424b-9868-57a2d4851a1d" />
    <TestEntry testId="bbdb75f6-9419-cc29-1ee8-0819947b8f1e" executionId="f76394f0-1752-4175-bf37-73965119ffee" testListId="8c84fa94-04c1-424b-9868-57a2d4851a1d" />
    <TestEntry testId="4830a854-8661-2652-3462-88920acc94e0" executionId="c0f06aca-868f-4763-a324-72e72d1c6c9c" testListId="8c84fa94-04c1-424b-9868-57a2d4851a1d" />
    <TestEntry testId="11f78220-f6e7-3656-1b75-adc30e11a8ae" executionId="e8e9c9bc-dcce-43ff-8809-eb954be6af32" testListId="8c84fa94-04c1-424b-9868-57a2d4851a1d" />
    <TestEntry testId="bd455bf5-3598-36b6-b7e5-e438495404eb" executionId="6f6169ab-dc79-4823-99b8-76740e74ceef" testListId="8c84fa94-04c1-424b-9868-57a2d4851a1d" />
    <TestEntry testId="f65e8180-f8f6-41e3-bc14-5ff0e45358f2" executionId="a370cf12-3b24-42af-92c0-48e4596a4d3f" testListId="8c84fa94-04c1-424b-9868-57a2d4851a1d" />
    <TestEntry testId="cb5e013b-5a5a-2610-32fb-e34522a19db4" executionId="0ad15cb8-8e33-4717-b592-34cbccf1e250" testListId="8c84fa94-04c1-424b-9868-57a2d4851a1d" />
    <TestEntry testId="5c3c71de-121e-7ebb-7ef2-71ffdda99f4e" executionId="ccfd8d41-1e98-405e-9df6-ad31c8372036" testListId="8c84fa94-04c1-424b-9868-57a2d4851a1d" />
    <TestEntry testId="f52eda5c-8e1d-be34-931a-fdc826166e27" executionId="85bc53d8-72db-4c67-933b-9322f5b15412" testListId="8c84fa94-04c1-424b-9868-57a2d4851a1d" />
    <TestEntry testId="edbe0a53-0cd9-174c-0af9-1e7267d3d51e" executionId="05125b4e-b475-47e4-993e-5a25ece69a33" testListId="8c84fa94-04c1-424b-9868-57a2d4851a1d" />
    <TestEntry testId="9c87a7f0-e5a9-4eec-b00b-d5b17e4bdb17" executionId="d9a49d22-e653-4a36-a3de-71ef9ca3a26e" testListId="8c84fa94-04c1-424b-9868-57a2d4851a1d" />
    <TestEntry testId="73d7e673-e249-c30d-0274-9ead98b90547" executionId="159c818a-ea3c-478c-a20b-f62c6f2196d0" testListId="8c84fa94-04c1-424b-9868-57a2d4851a1d" />
    <TestEntry testId="42eee87f-b634-f69a-39db-bc080eeaddbf" executionId="a84c1f17-b1cf-400e-8e65-3475a495bf56" testListId="8c84fa94-04c1-424b-9868-57a2d4851a1d" />
    <TestEntry testId="32f8abff-08ce-0e46-2ccd-1f6bfdd70d66" executionId="a8f9a2ac-afc0-4123-8010-e8d5a0cce83f" testListId="8c84fa94-04c1-424b-9868-57a2d4851a1d" />
    <TestEntry testId="8ad829a7-2a1d-c825-7c69-dc657c7659c6" executionId="758abb56-3642-47c3-a9dc-5aa17b15e21b" testListId="8c84fa94-04c1-424b-9868-57a2d4851a1d" />
    <TestEntry testId="1a3022ce-406c-bc56-3557-b3179a3c60d6" executionId="55c4fee6-33fa-44a4-a1a7-fd335927e642" testListId="8c84fa94-04c1-424b-9868-57a2d4851a1d" />
    <TestEntry testId="fc565b52-9b65-79bd-9c4e-482092e298d5" executionId="c1a0a4e4-21a0-47b1-965c-d0de6a3a085f" testListId="8c84fa94-04c1-424b-9868-57a2d4851a1d" />
    <TestEntry testId="639464c4-673e-3d03-409b-9542ca2f6209" executionId="f05217ac-db68-4519-8751-204914ebe333" testListId="8c84fa94-04c1-424b-9868-57a2d4851a1d" />
    <TestEntry testId="da6aa1f4-dabe-d182-2457-66222137269e" executionId="85da5b01-7b05-4038-a1c4-e08bba99915d" testListId="8c84fa94-04c1-424b-9868-57a2d4851a1d" />
    <TestEntry testId="3ee95c39-e375-f8cf-e2c2-1cd33ba62100" executionId="0285acc8-ccfd-456c-9bf9-20cd62304bee" testListId="8c84fa94-04c1-424b-9868-57a2d4851a1d" />
    <TestEntry testId="e315bb66-5227-81f8-cc04-472fdddbe303" executionId="69095e9a-5412-48f4-b8ec-2be86f0ccfc7" testListId="8c84fa94-04c1-424b-9868-57a2d4851a1d" />
    <TestEntry testId="ef4e06e6-fe0c-a6dc-a3fc-25031dd51b55" executionId="d51eb8e3-0746-4a69-ac19-80be23ce5668" testListId="8c84fa94-04c1-424b-9868-57a2d4851a1d" />
    <TestEntry testId="7c3afc02-6e25-c405-ce7e-11a76716cde9" executionId="a6124e28-adac-49b2-96cd-320fc08a9b09" testListId="8c84fa94-04c1-424b-9868-57a2d4851a1d" />
    <TestEntry testId="3dd29c3f-d195-e2b2-b11c-205cda9ce593" executionId="77f50477-52fd-45ce-b78b-f11885404051" testListId="8c84fa94-04c1-424b-9868-57a2d4851a1d" />
    <TestEntry testId="6db81571-a11d-080f-0b8d-28ec22a0e103" executionId="1e2007b2-342b-4376-85e3-c9ea79234659" testListId="8c84fa94-04c1-424b-9868-57a2d4851a1d" />
    <TestEntry testId="16d4edc3-f269-2b5f-3877-43384833c93e" executionId="fa9eba56-d26d-4218-a9f9-82b101df5684" testListId="8c84fa94-04c1-424b-9868-57a2d4851a1d" />
    <TestEntry testId="5e0fa43a-d550-d998-762b-25e5048d7ce1" executionId="251446b7-f972-4f9c-96fc-9d4200c0032c" testListId="8c84fa94-04c1-424b-9868-57a2d4851a1d" />
    <TestEntry testId="1e86bb92-25f9-9f9d-63ab-1197bebaa93c" executionId="b608a033-7a1d-4700-9548-23702c544a17" testListId="8c84fa94-04c1-424b-9868-57a2d4851a1d" />
    <TestEntry testId="6da412a1-cc2f-1274-8935-b99ee29e4432" executionId="80a289b0-91e8-4c57-87bf-fcd343b22c91" testListId="8c84fa94-04c1-424b-9868-57a2d4851a1d" />
    <TestEntry testId="af5db2ad-0b11-92fe-2459-64a75ee4054e" executionId="89a12d2b-cf59-42bf-9e6e-cec0a12a9070" testListId="8c84fa94-04c1-424b-9868-57a2d4851a1d" />
    <TestEntry testId="e0113b73-d08e-f159-9c41-1ded7110f64c" executionId="a6982a03-52d0-4618-bb06-87d06658b60f" testListId="8c84fa94-04c1-424b-9868-57a2d4851a1d" />
    <TestEntry testId="e016ccc4-5474-01da-697c-af864dff15dd" executionId="2b270fa4-7290-423f-a91e-d26c0ab7f021" testListId="8c84fa94-04c1-424b-9868-57a2d4851a1d" />
  </TestEntries>
  <TestLists>
    <TestList name="Results Not in a List" id="8c84fa94-04c1-424b-9868-57a2d4851a1d" />
    <TestList name="All Loaded Results" id="19431567-8539-422a-85d7-44ee4e166bda" />
  </TestLists>
  <ResultSummary outcome="Completed">
    <Counters total="37" executed="37" passed="37" failed="0" error="0" timeout="0" aborted="0" inconclusive="0" passedButRunAborted="0" notRunnable="0" notExecuted="0" disconnected="0" warning="0" completed="0" inProgress="0" pending="0" />
    <Output>
      <StdOut>[xUnit.net 00:00:00.00] xUnit.net VSTest Adapter v2.5.7+8f2703126a (64-bit .NET 8.0.30)&#xD;
[xUnit.net 00:00:00.96]   Discovering: Portal.Networking.Tests&#xD;
[xUnit.net 00:00:01.01]   Discovered:  Portal.Networking.Tests&#xD;
[xUnit.net 00:00:01.02]   Starting:    Portal.Networking.Tests&#xD;
[xUnit.net 00:00:41.78]   Finished:    Portal.Networking.Tests&#xD;
</StdOut>
    </Output>
  </ResultSummary>
</TestRun>